---
source: crates/tt-cli/src/commands/report.rs
assertion_line: 1338
expression: output
---
{
  "generated_at": "2025-01-29T16:00:00+00:00",
  "timezone": "Etc/UTC",
  "week_start_day": "monday",
  "period": {
    "start": "2025-01-27",
    "end": "2025-02-02",
    "type": "week"
  },
  "by_tag": [
    {
      "tag": "development",
      "time_direct_ms": 7200000,
      "time_delegated_ms": 4500000,
      "streams": [
        "abc123def456"
      ]
    },
    {
      "tag": "time-tracker",
      "time_direct_ms": 7200000,
      "time_delegated_ms": 4500000,
      "streams": [
        "abc123def456"
      ]
    }
  ],
  "untagged": {
    "time_direct_ms": 0,
    "time_delegated_ms": 0,
    "streams": []
  },
  "agent_sessions": {
    "total": 0,
    "by_source": {},
    "by_type": {},
    "top_sessions": []
  },
  "totals": {
    "time_direct_ms": 7200000,
    "time_delegated_ms": 4500000,
    "stream_count": 1
  }
}
