---
source: crates/tt-cli/src/commands/streams.rs
expression: output
---
STREAMS (last 7 days)

ID       Name                      Direct  Delegated  Tags
───────  ──────────────────────  ────────  ─────────  ──────────────────
abc123   tmux/dev/session-1        2h 15m     4h 30m  acme-webapp, urgent
def456   tmux/dev/session-2           45m     1h 20m  internal
ghi789   tmux/staging/session-1       30m        15m  

Tip: Use 'tt tag <id> <tag>' to group sessions into projects.
