---
source: crates/tt-cli/src/commands/todo/render.rs
expression: "next_output(&loaded, options())"
---
TODO NEXT (2026-06-23)

Due
- Ship overdue fix [id:td_due000001 rank:9 priority:ipi(9) stream:- overdue:2026-06-22 when:2026-06-30]

Main
- Quick admin reply [id:td_quick0001 rank:2 priority:admin(2) stream:- quick]
- Stream-linked work [id:td_stream001 rank:9 priority:ipi(9) stream:Fable 5 DPI]
