---
source: crates/tt-cli/src/commands/streams/misnamed/tests.rs
expression: format_misnamed_json(&sample_report()).unwrap()
---
{
  "streams": [
    {
      "id": "0f3a91c2-aaaa-bbbb-cccc-ddddddddddd1",
      "id_short": "0f3a91c2",
      "name": "workorder-5: IPI envs + wo-005 (Jun14-20)",
      "reason": "date_range",
      "events": 4347,
      "time_direct_ms": 45000000
    },
    {
      "id": "a1b2c3d4-aaaa-bbbb-cccc-ddddddddddd2",
      "id_short": "a1b2c3d4",
      "name": "other: team coordination (Slack, work email)",
      "reason": "catch_all",
      "events": 1204,
      "time_direct_ms": 12600000
    },
    {
      "id": "beef1234-aaaa-bbbb-cccc-ddddddddddd3",
      "id_short": "beef1234",
      "name": "other: shell / nav / transitional",
      "reason": "activity_type",
      "events": 88,
      "time_direct_ms": 0
    }
  ],
  "total_events": 5639,
  "total_direct_ms": 57600000
}
