---
source: crates/tt-server/src/api/tests.rs
expression: rendered
---
{
  "db_version": 8,
  "idle_gaps": [],
  "streams_active": [
    {
      "delegated_intervals": [],
      "events": [
        {
          "kind": "subagent_start",
          "session_id": "subagent-session",
          "timestamp": "2025-01-15T09:03:00Z",
          "todo_linked": null
        }
      ],
      "focus_intervals": [],
      "stream": {
        "color": "#aabbcc",
        "created_at": "2025-01-15T09:00:00Z",
        "description": "beta description",
        "first_event_at": null,
        "id": "beta",
        "last_event_at": null,
        "name": "beta stream",
        "needs_recompute": false,
        "slug": "beta",
        "time_delegated_ms": 0,
        "time_direct_ms": 0,
        "updated_at": "2025-01-15T09:01:00Z"
      }
    },
    {
      "delegated_intervals": [
        {
          "end": "2025-01-15T09:04:00Z",
          "start": "2025-01-15T09:03:00Z"
        }
      ],
      "events": [
        {
          "kind": "user_message",
          "session_id": "human-session",
          "timestamp": "2025-01-15T09:01:00Z",
          "todo_linked": null
        },
        {
          "kind": "session_start",
          "session_id": "linked-session",
          "timestamp": "2025-01-15T09:02:00Z",
          "todo_linked": true
        },
        {
          "kind": "session_end",
          "session_id": "linked-session",
          "timestamp": "2025-01-15T09:04:00Z",
          "todo_linked": true
        }
      ],
      "focus_intervals": [
        {
          "end": "2025-01-15T09:01:00Z",
          "start": "2025-01-15T09:00:00Z"
        },
        {
          "end": "2025-01-15T09:05:00Z",
          "start": "2025-01-15T09:01:00Z"
        }
      ],
      "stream": {
        "color": "#aabbcc",
        "created_at": "2025-01-15T09:00:00Z",
        "description": "alpha description",
        "first_event_at": null,
        "id": "alpha",
        "last_event_at": null,
        "name": "alpha stream",
        "needs_recompute": false,
        "slug": "alpha",
        "time_delegated_ms": 0,
        "time_direct_ms": 0,
        "updated_at": "2025-01-15T09:00:00Z"
      }
    }
  ],
  "window": {
    "end": "2025-01-15T09:05:00Z",
    "start": "2025-01-15T09:00:00Z"
  }
}
